spv.nv.hitobject-allops.rmiss
// Module Version 10400
// Generated by (magic number): 8000a
// Id's are bound by 104

                              Capability RayTracingKHR
                              Capability ShaderExecutionReorderNV
                              Extension  "SPV_KHR_ray_tracing"
                              Extension  "SPV_NV_shader_execution_reorder"
               1:             ExtInstImport  "GLSL.std.450"
                              MemoryModel Logical GLSL450
                              EntryPoint MissKHR 4  "main" 9 14 22 25 36 41 44 45 55 103
                              Source GLSL 460
                              SourceExtension  "GL_EXT_ray_tracing"
                              SourceExtension  "GL_NV_shader_execution_reorder"
                              Name 4  "main"
                              Name 9  "attr"
                              Name 12  "hBlock"
                              MemberName 12(hBlock) 0  "attrval"
                              Name 14  ""
                              Name 22  "hObj"
                              Name 25  "as"
                              Name 36  "payload"
                              Name 41  "hObjHit"
                              Name 44  "hObjNop"
                              Name 45  "hObjMiss"
                              Name 53  "block"
                              MemberName 53(block) 0  "op"
                              Name 55  ""
                              Name 70  "tmin"
                              Name 72  "tmax"
                              Name 75  "orig"
                              Name 77  "dir"
                              Name 79  "oorig"
                              Name 81  "odir"
                              Name 84  "cid"
                              Name 86  "iid"
                              Name 88  "pid"
                              Name 90  "gid"
                              Name 93  "hkind"
                              Name 97  "handle"
                              Name 99  "rid"
                              Name 101  "pBlock"
                              MemberName 101(pBlock) 0  "val1"
                              MemberName 101(pBlock) 1  "val2"
                              Name 103  ""
                              Decorate 12(hBlock) Block
                              Decorate 25(as) DescriptorSet 0
                              Decorate 25(as) Binding 0
                              MemberDecorate 53(block) 0 Offset 0
                              Decorate 53(block) Block
                              Decorate 55 DescriptorSet 0
                              Decorate 55 Binding 1
                              Decorate 101(pBlock) Block
               2:             TypeVoid
               3:             TypeFunction 2
               6:             TypeFloat 32
               7:             TypeVector 6(float) 2
               8:             TypePointer HitObjectAttributeNV 7(fvec2)
         9(attr):      8(ptr) Variable HitObjectAttributeNV
              10:    6(float) Constant 1065353216
              11:    7(fvec2) ConstantComposite 10 10
      12(hBlock):             TypeStruct 6(float)
              13:             TypePointer HitObjectAttributeNV 12(hBlock)
              14:     13(ptr) Variable HitObjectAttributeNV
              15:             TypeInt 32 1
              16:     15(int) Constant 0
              17:    6(float) Constant 1073741824
              18:             TypePointer HitObjectAttributeNV 6(float)
              20:             TypeHitObjectNV
              21:             TypePointer Private 20
        22(hObj):     21(ptr) Variable Private
              23:             TypeAccelerationStructureKHR
              24:             TypePointer UniformConstant 23
          25(as):     24(ptr) Variable UniformConstant
              27:             TypeInt 32 0
              28:     27(int) Constant 1
              29:             TypeVector 6(float) 3
              30:    6(float) Constant 1056964608
              31:   29(fvec3) ConstantComposite 30 30 30
              32:   29(fvec3) ConstantComposite 10 10 10
              33:     15(int) Constant 1
              34:             TypeVector 6(float) 4
              35:             TypePointer RayPayloadKHR 34(fvec4)
     36(payload):     35(ptr) Variable RayPayloadKHR
              38:     27(int) Constant 2
              39:   29(fvec3) ConstantComposite 17 17 17
              40:     15(int) Constant 2
     41(hObjHit):     21(ptr) Variable Private
              43:     15(int) Constant 3
     44(hObjNop):     21(ptr) Variable Private
    45(hObjMiss):     21(ptr) Variable Private
              46:    6(float) Constant 1069547520
              47:   29(fvec3) ConstantComposite 46 46 46
              48:    6(float) Constant 1084227584
              49:             TypeBool
       53(block):             TypeStruct 6(float)
              54:             TypePointer StorageBuffer 53(block)
              55:     54(ptr) Variable StorageBuffer
              56:             TypePointer StorageBuffer 6(float)
              67:    6(float) Constant 1077936128
              69:             TypePointer Function 6(float)
              74:             TypePointer Function 29(fvec3)
              83:             TypePointer Function 15(int)
              92:             TypePointer Function 27(int)
              95:             TypeVector 27(int) 2
              96:             TypePointer Function 95(ivec2)
     101(pBlock):             TypeStruct 7(fvec2) 7(fvec2)
             102:             TypePointer RayPayloadKHR 101(pBlock)
             103:    102(ptr) Variable RayPayloadKHR
         4(main):           2 Function None 3
               5:             Label
        70(tmin):     69(ptr) Variable Function
        72(tmax):     69(ptr) Variable Function
        75(orig):     74(ptr) Variable Function
         77(dir):     74(ptr) Variable Function
       79(oorig):     74(ptr) Variable Function
        81(odir):     74(ptr) Variable Function
         84(cid):     83(ptr) Variable Function
         86(iid):     83(ptr) Variable Function
         88(pid):     83(ptr) Variable Function
         90(gid):     83(ptr) Variable Function
       93(hkind):     92(ptr) Variable Function
      97(handle):     96(ptr) Variable Function
         99(rid):     92(ptr) Variable Function
                              Store 9(attr) 11
              19:     18(ptr) AccessChain 14 16
                              Store 19 17
              26:          23 Load 25(as)
                              HitObjectTraceRayNV 22(hObj) 26 28 28 28 28 28 31 30 32 10 36(payload)
              37:          23 Load 25(as)
                              HitObjectRecordHitNV 22(hObj) 37 33 33 33 38 38 38 32 10 39 17 9(attr)
              42:          23 Load 25(as)
                              HitObjectRecordHitWithIndexNV 41(hObjHit) 42 33 33 33 38 38 32 10 39 17 14
                              HitObjectRecordEmptyNV 44(hObjNop)
                              HitObjectRecordMissNV 45(hObjMiss) 28 31 17 47 48
              50:    49(bool) HitObjectIsHitNV 22(hObj)
                              SelectionMerge 52 None
                              BranchConditional 50 51 58
              51:               Label
              57:     56(ptr)   AccessChain 55 16
                                Store 57 10
                                Branch 52
              58:               Label
              59:    49(bool)   HitObjectIsMissNV 22(hObj)
                                SelectionMerge 61 None
                                BranchConditional 59 60 63
              60:                 Label
              62:     56(ptr)     AccessChain 55 16
                                  Store 62 17
                                  Branch 61
              63:                 Label
              64:    49(bool)     HitObjectIsEmptyNV 22(hObj)
                                  SelectionMerge 66 None
                                  BranchConditional 64 65 66
              65:                   Label
              68:     56(ptr)       AccessChain 55 16
                                    Store 68 67
                                    Branch 66
              66:                 Label
                                  Branch 61
              61:               Label
                                Branch 52
              52:             Label
              71:    6(float) HitObjectGetRayTMinNV 41(hObjHit)
                              Store 70(tmin) 71
              73:    6(float) HitObjectGetRayTMaxNV 41(hObjHit)
                              Store 72(tmax) 73
              76:   29(fvec3) HitObjectGetWorldRayOriginNV 41(hObjHit)
                              Store 75(orig) 76
              78:   29(fvec3) HitObjectGetWorldRayDirectionNV 41(hObjHit)
                              Store 77(dir) 78
              80:   29(fvec3) HitObjectGetObjectRayOriginNV 41(hObjHit)
                              Store 79(oorig) 80
              82:   29(fvec3) HitObjectGetObjectRayDirectionNV 41(hObjHit)
                              Store 81(odir) 82
              85:     15(int) HitObjectGetInstanceCustomIndexNV 45(hObjMiss)
                              Store 84(cid) 85
              87:     15(int) HitObjectGetInstanceIdNV 44(hObjNop)
                              Store 86(iid) 87
              89:     15(int) HitObjectGetPrimitiveIndexNV 22(hObj)
                              Store 88(pid) 89
              91:     15(int) HitObjectGetGeometryIndexNV 22(hObj)
                              Store 90(gid) 91
              94:     27(int) HitObjectGetFrontFaceNV 22(hObj)
                              Store 93(hkind) 94
                              HitObjectGetAttributesNV 22(hObj) 9(attr)
              98:   95(ivec2) HitObjectGetShaderRecordBufferHandleNV 22(hObj)
                              Store 97(handle) 98
             100:     27(int) HitObjectGetShaderBindingTableRecordIndexNV 22(hObj)
                              Store 99(rid) 100
                              Return
                              FunctionEnd
