spv.nv.hitobject-allops.rgen
// Module Version 10400
// Generated by (magic number): 8000a
// Id's are bound by 107

                              Capability RayTracingKHR
                              Capability ShaderExecutionReorderNV
                              Extension  "SPV_KHR_ray_tracing"
                              Extension  "SPV_NV_shader_execution_reorder"
               1:             ExtInstImport  "GLSL.std.450"
                              MemoryModel Logical GLSL450
                              EntryPoint RayGenerationKHR 4  "main" 9 14 22 25 36 42 46 49 50 60
                              Source GLSL 460
                              SourceExtension  "GL_EXT_ray_tracing"
                              SourceExtension  "GL_NV_shader_execution_reorder"
                              Name 4  "main"
                              Name 9  "attr"
                              Name 12  "hBlock"
                              MemberName 12(hBlock) 0  "attrval"
                              Name 14  ""
                              Name 22  "hObj"
                              Name 25  "as"
                              Name 36  "payload"
                              Name 40  "pBlock"
                              MemberName 40(pBlock) 0  "val1"
                              MemberName 40(pBlock) 1  "val2"
                              Name 42  ""
                              Name 46  "hObjHit"
                              Name 49  "hObjNop"
                              Name 50  "hObjMiss"
                              Name 58  "block"
                              MemberName 58(block) 0  "op"
                              Name 60  ""
                              Name 75  "tmin"
                              Name 77  "tmax"
                              Name 80  "orig"
                              Name 82  "dir"
                              Name 84  "oorig"
                              Name 86  "odir"
                              Name 89  "cid"
                              Name 91  "iid"
                              Name 93  "pid"
                              Name 95  "gid"
                              Name 98  "hkind"
                              Name 102  "handle"
                              Name 104  "rid"
                              Decorate 12(hBlock) Block
                              Decorate 25(as) DescriptorSet 0
                              Decorate 25(as) Binding 0
                              Decorate 40(pBlock) Block
                              MemberDecorate 58(block) 0 Offset 0
                              Decorate 58(block) Block
                              Decorate 60 DescriptorSet 0
                              Decorate 60 Binding 1
               2:             TypeVoid
               3:             TypeFunction 2
               6:             TypeFloat 32
               7:             TypeVector 6(float) 2
               8:             TypePointer HitObjectAttributeNV 7(fvec2)
         9(attr):      8(ptr) Variable HitObjectAttributeNV
              10:    6(float) Constant 1065353216
              11:    7(fvec2) ConstantComposite 10 10
      12(hBlock):             TypeStruct 6(float)
              13:             TypePointer HitObjectAttributeNV 12(hBlock)
              14:     13(ptr) Variable HitObjectAttributeNV
              15:             TypeInt 32 1
              16:     15(int) Constant 0
              17:    6(float) Constant 1073741824
              18:             TypePointer HitObjectAttributeNV 6(float)
              20:             TypeHitObjectNV
              21:             TypePointer Private 20
        22(hObj):     21(ptr) Variable Private
              23:             TypeAccelerationStructureKHR
              24:             TypePointer UniformConstant 23
          25(as):     24(ptr) Variable UniformConstant
              27:             TypeInt 32 0
              28:     27(int) Constant 1
              29:             TypeVector 6(float) 3
              30:    6(float) Constant 1056964608
              31:   29(fvec3) ConstantComposite 30 30 30
              32:   29(fvec3) ConstantComposite 10 10 10
              33:     15(int) Constant 1
              34:             TypeVector 6(float) 4
              35:             TypePointer RayPayloadKHR 34(fvec4)
     36(payload):     35(ptr) Variable RayPayloadKHR
              38:    6(float) Constant 1092616192
              39:     15(int) Constant 2
      40(pBlock):             TypeStruct 7(fvec2) 7(fvec2)
              41:             TypePointer RayPayloadKHR 40(pBlock)
              42:     41(ptr) Variable RayPayloadKHR
              44:     27(int) Constant 2
              45:   29(fvec3) ConstantComposite 17 17 17
     46(hObjHit):     21(ptr) Variable Private
              48:     15(int) Constant 3
     49(hObjNop):     21(ptr) Variable Private
    50(hObjMiss):     21(ptr) Variable Private
              51:    6(float) Constant 1069547520
              52:   29(fvec3) ConstantComposite 51 51 51
              53:    6(float) Constant 1084227584
              54:             TypeBool
       58(block):             TypeStruct 6(float)
              59:             TypePointer StorageBuffer 58(block)
              60:     59(ptr) Variable StorageBuffer
              61:             TypePointer StorageBuffer 6(float)
              72:    6(float) Constant 1077936128
              74:             TypePointer Function 6(float)
              79:             TypePointer Function 29(fvec3)
              88:             TypePointer Function 15(int)
              97:             TypePointer Function 27(int)
             100:             TypeVector 27(int) 2
             101:             TypePointer Function 100(ivec2)
             106:     27(int) Constant 4
         4(main):           2 Function None 3
               5:             Label
        75(tmin):     74(ptr) Variable Function
        77(tmax):     74(ptr) Variable Function
        80(orig):     79(ptr) Variable Function
         82(dir):     79(ptr) Variable Function
       84(oorig):     79(ptr) Variable Function
        86(odir):     79(ptr) Variable Function
         89(cid):     88(ptr) Variable Function
         91(iid):     88(ptr) Variable Function
         93(pid):     88(ptr) Variable Function
         95(gid):     88(ptr) Variable Function
       98(hkind):     97(ptr) Variable Function
     102(handle):    101(ptr) Variable Function
        104(rid):     97(ptr) Variable Function
                              Store 9(attr) 11
              19:     18(ptr) AccessChain 14 16
                              Store 19 17
              26:          23 Load 25(as)
                              HitObjectTraceRayNV 22(hObj) 26 28 28 28 28 28 31 30 32 10 36(payload)
              37:          23 Load 25(as)
                              HitObjectTraceRayMotionNV 22(hObj) 37 28 28 28 28 28 31 30 32 10 38 42
              43:          23 Load 25(as)
                              HitObjectRecordHitNV 22(hObj) 43 33 33 33 44 44 44 32 10 45 17 9(attr)
              47:          23 Load 25(as)
                              HitObjectRecordHitWithIndexNV 46(hObjHit) 47 33 33 33 44 44 32 10 45 17 14
                              HitObjectRecordEmptyNV 49(hObjNop)
                              HitObjectRecordMissNV 50(hObjMiss) 28 31 17 52 53
              55:    54(bool) HitObjectIsHitNV 22(hObj)
                              SelectionMerge 57 None
                              BranchConditional 55 56 63
              56:               Label
              62:     61(ptr)   AccessChain 60 16
                                Store 62 10
                                Branch 57
              63:               Label
              64:    54(bool)   HitObjectIsMissNV 22(hObj)
                                SelectionMerge 66 None
                                BranchConditional 64 65 68
              65:                 Label
              67:     61(ptr)     AccessChain 60 16
                                  Store 67 17
                                  Branch 66
              68:                 Label
              69:    54(bool)     HitObjectIsEmptyNV 22(hObj)
                                  SelectionMerge 71 None
                                  BranchConditional 69 70 71
              70:                   Label
              73:     61(ptr)       AccessChain 60 16
                                    Store 73 72
                                    Branch 71
              71:                 Label
                                  Branch 66
              66:               Label
                                Branch 57
              57:             Label
              76:    6(float) HitObjectGetRayTMinNV 46(hObjHit)
                              Store 75(tmin) 76
              78:    6(float) HitObjectGetRayTMaxNV 46(hObjHit)
                              Store 77(tmax) 78
              81:   29(fvec3) HitObjectGetWorldRayOriginNV 46(hObjHit)
                              Store 80(orig) 81
              83:   29(fvec3) HitObjectGetWorldRayDirectionNV 46(hObjHit)
                              Store 82(dir) 83
              85:   29(fvec3) HitObjectGetObjectRayOriginNV 46(hObjHit)
                              Store 84(oorig) 85
              87:   29(fvec3) HitObjectGetObjectRayDirectionNV 46(hObjHit)
                              Store 86(odir) 87
              90:     15(int) HitObjectGetInstanceCustomIndexNV 50(hObjMiss)
                              Store 89(cid) 90
              92:     15(int) HitObjectGetInstanceIdNV 49(hObjNop)
                              Store 91(iid) 92
              94:     15(int) HitObjectGetPrimitiveIndexNV 22(hObj)
                              Store 93(pid) 94
              96:     15(int) HitObjectGetGeometryIndexNV 22(hObj)
                              Store 95(gid) 96
              99:     27(int) HitObjectGetFrontFaceNV 22(hObj)
                              Store 98(hkind) 99
                              HitObjectGetAttributesNV 22(hObj) 9(attr)
             103:  100(ivec2) HitObjectGetShaderRecordBufferHandleNV 22(hObj)
                              Store 102(handle) 103
             105:     27(int) HitObjectGetShaderBindingTableRecordIndexNV 22(hObj)
                              Store 104(rid) 105
                              ReorderThreadWithHintNV 106 106
                              ReorderThreadWithHitObjectNV 46(hObjHit)
                              ReorderThreadWithHitObjectNV 46(hObjHit) 106 44
                              Return
                              FunctionEnd
